Archive:  android/app/build/outputs/apk/release/app-release.apk
  Length      Date    Time    Name
---------  ---------- -----   ----
       57  1981-01-01 01:01   META-INF/com/android/build/gradle/app-metadata.properties
       46  1981-01-01 01:01   META-INF/version-control-info.textproto
     2452  1981-01-01 01:01   assets/dexopt/baseline.prof
      223  1981-01-01 01:01   assets/dexopt/baseline.profm
  9622636  1981-01-01 01:01   classes.dex
  5160696  1981-01-01 01:01   classes2.dex
    80632  1981-01-01 01:01   lib/arm64-v8a/libappmodules.so
  1292904  1981-01-01 01:01   lib/arm64-v8a/libc++_shared.so
  1334176  1981-01-01 01:01   lib/arm64-v8a/libexpo-modules-core.so
   177000  1981-01-01 01:01   lib/arm64-v8a/libfbjni.so
   318992  1981-01-01 01:01   lib/arm64-v8a/libgifimage.so
  2136264  1981-01-01 01:01   lib/arm64-v8a/libhermes.so
   137456  1981-01-01 01:01   lib/arm64-v8a/libhermestooling.so
     8760  1981-01-01 01:01   lib/arm64-v8a/libimagepipeline.so
   390736  1981-01-01 01:01   lib/arm64-v8a/libjsi.so
    23712  1981-01-01 01:01   lib/arm64-v8a/libnative-filters.so
   585376  1981-01-01 01:01   lib/arm64-v8a/libnative-imagetranscoder.so
  5878464  1981-01-01 01:01   lib/arm64-v8a/libreactnative.so
   501856  1981-01-01 01:01   lib/arm64-v8a/libstatic-webp.so
    38680  1981-01-01 01:01   lib/armeabi-v7a/libappmodules.so
   872872  1981-01-01 01:01   lib/armeabi-v7a/libc++_shared.so
   945696  1981-01-01 01:01   lib/armeabi-v7a/libexpo-modules-core.so
   119456  1981-01-01 01:01   lib/armeabi-v7a/libfbjni.so
   184380  1981-01-01 01:01   lib/armeabi-v7a/libgifimage.so
  1479588  1981-01-01 01:01   lib/armeabi-v7a/libhermes.so
    74080  1981-01-01 01:01   lib/armeabi-v7a/libhermestooling.so
     5876  1981-01-01 01:01   lib/armeabi-v7a/libimagepipeline.so
   275584  1981-01-01 01:01   lib/armeabi-v7a/libjsi.so
    12588  1981-01-01 01:01   lib/armeabi-v7a/libnative-filters.so
   341072  1981-01-01 01:01   lib/armeabi-v7a/libnative-imagetranscoder.so
  4174132  1981-01-01 01:01   lib/armeabi-v7a/libreactnative.so
   367592  1981-01-01 01:01   lib/armeabi-v7a/libstatic-webp.so
    75740  1981-01-01 01:01   lib/x86/libappmodules.so
  1254988  1981-01-01 01:01   lib/x86/libc++_shared.so
  1249192  1981-01-01 01:01   lib/x86/libexpo-modules-core.so
   166480  1981-01-01 01:01   lib/x86/libfbjni.so
   281448  1981-01-01 01:01   lib/x86/libgifimage.so
  2615960  1981-01-01 01:01   lib/x86/libhermes.so
   131952  1981-01-01 01:01   lib/x86/libhermestooling.so
     7040  1981-01-01 01:01   lib/x86/libimagepipeline.so
   414744  1981-01-01 01:01   lib/x86/libjsi.so
    22040  1981-01-01 01:01   lib/x86/libnative-filters.so
   664736  1981-01-01 01:01   lib/x86/libnative-imagetranscoder.so
  6347116  1981-01-01 01:01   lib/x86/libreactnative.so
   550092  1981-01-01 01:01   lib/x86/libstatic-webp.so
    77928  1981-01-01 01:01   lib/x86_64/libappmodules.so
  1252080  1981-01-01 01:01   lib/x86_64/libc++_shared.so
  1295968  1981-01-01 01:01   lib/x86_64/libexpo-modules-core.so
   172952  1981-01-01 01:01   lib/x86_64/libfbjni.so
   302952  1981-01-01 01:01   lib/x86_64/libgifimage.so
  2221664  1981-01-01 01:01   lib/x86_64/libhermes.so
   134232  1981-01-01 01:01   lib/x86_64/libhermestooling.so
     8464  1981-01-01 01:01   lib/x86_64/libimagepipeline.so
   398088  1981-01-01 01:01   lib/x86_64/libjsi.so
    30528  1981-01-01 01:01   lib/x86_64/libnative-filters.so
   720432  1981-01-01 01:01   lib/x86_64/libnative-imagetranscoder.so
  6123024  1981-01-01 01:01   lib/x86_64/libreactnative.so
   560968  1981-01-01 01:01   lib/x86_64/libstatic-webp.so
      259  1981-01-01 01:01   assets/app.config
  1355172  1981-01-01 01:01   assets/index.android.bundle
     1738  1981-01-01 01:01   DebugProbesKt.bin
        6  1981-01-01 01:01   META-INF/androidx.activity_activity.version
        6  1981-01-01 01:01   META-INF/androidx.annotation_annotation-experimental.version
        6  1981-01-01 01:01   META-INF/androidx.appcompat_appcompat-resources.version
        6  1981-01-01 01:01   META-INF/androidx.appcompat_appcompat.version
       67  1981-01-01 01:01   META-INF/androidx.arch.core_core-runtime.version
        6  1981-01-01 01:01   META-INF/androidx.asynclayoutinflater_asynclayoutinflater.version
        6  1981-01-01 01:01   META-INF/androidx.autofill_autofill.version
        6  1981-01-01 01:01   META-INF/androidx.coordinatorlayout_coordinatorlayout.version
        7  1981-01-01 01:01   META-INF/androidx.core_core-ktx.version
        7  1981-01-01 01:01   META-INF/androidx.core_core.version
        6  1981-01-01 01:01   META-INF/androidx.cursoradapter_cursoradapter.version
        6  1981-01-01 01:01   META-INF/androidx.customview_customview.version
        6  1981-01-01 01:01   META-INF/androidx.documentfile_documentfile.version
        6  1981-01-01 01:01   META-INF/androidx.drawerlayout_drawerlayout.version
        6  1981-01-01 01:01   META-INF/androidx.emoji2_emoji2-views-helper.version
        6  1981-01-01 01:01   META-INF/androidx.emoji2_emoji2.version
        6  1981-01-01 01:01   META-INF/androidx.fragment_fragment.version
        6  1981-01-01 01:01   META-INF/androidx.interpolator_interpolator.version
        6  1981-01-01 01:01   META-INF/androidx.legacy_legacy-support-core-ui.version
        6  1981-01-01 01:01   META-INF/androidx.legacy_legacy-support-core-utils.version
        6  1981-01-01 01:01   META-INF/androidx.legacy_legacy-support-v4.version
       78  1981-01-01 01:01   META-INF/androidx.lifecycle_lifecycle-livedata-core.version
       73  1981-01-01 01:01   META-INF/androidx.lifecycle_lifecycle-livedata.version
       72  1981-01-01 01:01   META-INF/androidx.lifecycle_lifecycle-process.version
       72  1981-01-01 01:01   META-INF/androidx.lifecycle_lifecycle-runtime.version
       85  1981-01-01 01:01   META-INF/androidx.lifecycle_lifecycle-viewmodel-savedstate.version
       74  1981-01-01 01:01   META-INF/androidx.lifecycle_lifecycle-viewmodel.version
        6  1981-01-01 01:01   META-INF/androidx.loader_loader.version
        6  1981-01-01 01:01   META-INF/androidx.localbroadcastmanager_localbroadcastmanager.version
        6  1981-01-01 01:01   META-INF/androidx.media_media.version
        6  1981-01-01 01:01   META-INF/androidx.print_print.version
        6  1981-01-01 01:01   META-INF/androidx.profileinstaller_profileinstaller.version
        6  1981-01-01 01:01   META-INF/androidx.savedstate_savedstate.version
        6  1981-01-01 01:01   META-INF/androidx.slidingpanelayout_slidingpanelayout.version
        6  1981-01-01 01:01   META-INF/androidx.startup_startup-runtime.version
        6  1981-01-01 01:01   META-INF/androidx.swiperefreshlayout_swiperefreshlayout.version
        6  1981-01-01 01:01   META-INF/androidx.tracing_tracing-ktx.version
        6  1981-01-01 01:01   META-INF/androidx.tracing_tracing.version
        6  1981-01-01 01:01   META-INF/androidx.vectordrawable_vectordrawable-animated.version
        6  1981-01-01 01:01   META-INF/androidx.vectordrawable_vectordrawable.version
        6  1981-01-01 01:01   META-INF/androidx.versionedparcelable_versionedparcelable.version
        6  1981-01-01 01:01   META-INF/androidx.viewpager_viewpager.version
        5  1981-01-01 01:01   META-INF/kotlinx_coroutines_android.version
        5  1981-01-01 01:01   META-INF/kotlinx_coroutines_core.version
       90  1981-01-01 01:01   META-INF/services/kotlin.reflect.jvm.internal.impl.builtins.BuiltInsLoader
      235  1981-01-01 01:01   META-INF/services/kotlin.reflect.jvm.internal.impl.resolve.ExternalOverridabilityCondition
       54  1981-01-01 01:01   META-INF/services/kotlinx.coroutines.CoroutineExceptionHandler
       52  1981-01-01 01:01   META-INF/services/kotlinx.coroutines.internal.MainDispatcherFactory
      145  1981-01-01 01:01   META-INF/versions/9/OSGI-INF/MANIFEST.MF
      627  1981-01-01 01:01   kotlin-tooling-metadata.json
      865  1981-01-01 01:01   kotlin/annotation/annotation.kotlin_builtins
     3635  1981-01-01 01:01   kotlin/collections/collections.kotlin_builtins
     2471  1981-01-01 01:01   kotlin/concurrent/atomics/atomics.kotlin_builtins
      137  1981-01-01 01:01   kotlin/coroutines/coroutines.kotlin_builtins
      583  1981-01-01 01:01   kotlin/internal/internal.kotlin_builtins
    18653  1981-01-01 01:01   kotlin/kotlin.kotlin_builtins
     3349  1981-01-01 01:01   kotlin/ranges/ranges.kotlin_builtins
     2370  1981-01-01 01:01   kotlin/reflect/reflect.kotlin_builtins
      218  1981-01-01 01:01   okhttp3/internal/publicsuffix/NOTICE
    37730  1981-01-01 01:01   okhttp3/internal/publicsuffix/publicsuffixes.gz
     4708  1981-01-01 01:01   org/apache/commons/codec/language/bm/ash_approx_any.txt
     4971  1981-01-01 01:01   org/apache/commons/codec/language/bm/ash_approx_common.txt
      831  1981-01-01 01:01   org/apache/commons/codec/language/bm/ash_approx_cyrillic.txt
     1489  1981-01-01 01:01   org/apache/commons/codec/language/bm/ash_approx_english.txt
     1224  1981-01-01 01:01   org/apache/commons/codec/language/bm/ash_approx_french.txt
     1852  1981-01-01 01:01   org/apache/commons/codec/language/bm/ash_approx_german.txt
      812  1981-01-01 01:01   org/apache/commons/codec/language/bm/ash_approx_hebrew.txt
      830  1981-01-01 01:01   org/apache/commons/codec/language/bm/ash_approx_hungarian.txt
     2228  1981-01-01 01:01   org/apache/commons/codec/language/bm/ash_approx_polish.txt
      830  1981-01-01 01:01   org/apache/commons/codec/language/bm/ash_approx_romanian.txt
     1427  1981-01-01 01:01   org/apache/commons/codec/language/bm/ash_approx_russian.txt
      830  1981-01-01 01:01   org/apache/commons/codec/language/bm/ash_approx_spanish.txt
     1952  1981-01-01 01:01   org/apache/commons/codec/language/bm/ash_exact_any.txt
     1736  1981-01-01 01:01   org/apache/commons/codec/language/bm/ash_exact_approx_common.txt
     1095  1981-01-01 01:01   org/apache/commons/codec/language/bm/ash_exact_common.txt
      830  1981-01-01 01:01   org/apache/commons/codec/language/bm/ash_exact_cyrillic.txt
      830  1981-01-01 01:01   org/apache/commons/codec/language/bm/ash_exact_english.txt
      830  1981-01-01 01:01   org/apache/commons/codec/language/bm/ash_exact_french.txt
      826  1981-01-01 01:01   org/apache/commons/codec/language/bm/ash_exact_german.txt
      812  1981-01-01 01:01   org/apache/commons/codec/language/bm/ash_exact_hebrew.txt
      830  1981-01-01 01:01   org/apache/commons/codec/language/bm/ash_exact_hungarian.txt
      875  1981-01-01 01:01   org/apache/commons/codec/language/bm/ash_exact_polish.txt
      830  1981-01-01 01:01   org/apache/commons/codec/language/bm/ash_exact_romanian.txt
      831  1981-01-01 01:01   org/apache/commons/codec/language/bm/ash_exact_russian.txt
      830  1981-01-01 01:01   org/apache/commons/codec/language/bm/ash_exact_spanish.txt
     2983  1981-01-01 01:01   org/apache/commons/codec/language/bm/ash_hebrew_common.txt
     5080  1981-01-01 01:01   org/apache/commons/codec/language/bm/ash_lang.txt
      888  1981-01-01 01:01   org/apache/commons/codec/language/bm/ash_languages.txt
     9451  1981-01-01 01:01   org/apache/commons/codec/language/bm/ash_rules_any.txt
     2366  1981-01-01 01:01   org/apache/commons/codec/language/bm/ash_rules_cyrillic.txt
     2970  1981-01-01 01:01   org/apache/commons/codec/language/bm/ash_rules_english.txt
     2274  1981-01-01 01:01   org/apache/commons/codec/language/bm/ash_rules_french.txt
     2787  1981-01-01 01:01   org/apache/commons/codec/language/bm/ash_rules_german.txt
     1472  1981-01-01 01:01   org/apache/commons/codec/language/bm/ash_rules_hebrew.txt
     1960  1981-01-01 01:01   org/apache/commons/codec/language/bm/ash_rules_hungarian.txt
     4167  1981-01-01 01:01   org/apache/commons/codec/language/bm/ash_rules_polish.txt
     1526  1981-01-01 01:01   org/apache/commons/codec/language/bm/ash_rules_romanian.txt
     3980  1981-01-01 01:01   org/apache/commons/codec/language/bm/ash_rules_russian.txt
     2073  1981-01-01 01:01   org/apache/commons/codec/language/bm/ash_rules_spanish.txt
     4043  1981-01-01 01:01   org/apache/commons/codec/language/bm/gen_approx_any.txt
      991  1981-01-01 01:01   org/apache/commons/codec/language/bm/gen_approx_arabic.txt
     5120  1981-01-01 01:01   org/apache/commons/codec/language/bm/gen_approx_common.txt
      831  1981-01-01 01:01   org/apache/commons/codec/language/bm/gen_approx_cyrillic.txt
      830  1981-01-01 01:01   org/apache/commons/codec/language/bm/gen_approx_czech.txt
      830  1981-01-01 01:01   org/apache/commons/codec/language/bm/gen_approx_dutch.txt
     1489  1981-01-01 01:01   org/apache/commons/codec/language/bm/gen_approx_english.txt
      942  1981-01-01 01:01   org/apache/commons/codec/language/bm/gen_approx_french.txt
     1853  1981-01-01 01:01   org/apache/commons/codec/language/bm/gen_approx_german.txt
      830  1981-01-01 01:01   org/apache/commons/codec/language/bm/gen_approx_greek.txt
      845  1981-01-01 01:01   org/apache/commons/codec/language/bm/gen_approx_greeklatin.txt
      812  1981-01-01 01:01   org/apache/commons/codec/language/bm/gen_approx_hebrew.txt
      831  1981-01-01 01:01   org/apache/commons/codec/language/bm/gen_approx_hungarian.txt
      831  1981-01-01 01:01   org/apache/commons/codec/language/bm/gen_approx_italian.txt
     2183  1981-01-01 01:01   org/apache/commons/codec/language/bm/gen_approx_polish.txt
      830  1981-01-01 01:01   org/apache/commons/codec/language/bm/gen_approx_portuguese.txt
      830  1981-01-01 01:01   org/apache/commons/codec/language/bm/gen_approx_romanian.txt
     1437  1981-01-01 01:01   org/apache/commons/codec/language/bm/gen_approx_russian.txt
      868  1981-01-01 01:01   org/apache/commons/codec/language/bm/gen_approx_spanish.txt
      830  1981-01-01 01:01   org/apache/commons/codec/language/bm/gen_approx_turkish.txt
     1226  1981-01-01 01:01   org/apache/commons/codec/language/bm/gen_exact_any.txt
     1769  1981-01-01 01:01   org/apache/commons/codec/language/bm/gen_exact_approx_common.txt
      816  1981-01-01 01:01   org/apache/commons/codec/language/bm/gen_exact_arabic.txt
     1093  1981-01-01 01:01   org/apache/commons/codec/language/bm/gen_exact_common.txt
      830  1981-01-01 01:01   org/apache/commons/codec/language/bm/gen_exact_cyrillic.txt
      830  1981-01-01 01:01   org/apache/commons/codec/language/bm/gen_exact_czech.txt
      812  1981-01-01 01:01   org/apache/commons/codec/language/bm/gen_exact_dutch.txt
      830  1981-01-01 01:01   org/apache/commons/codec/language/bm/gen_exact_english.txt
      812  1981-01-01 01:01   org/apache/commons/codec/language/bm/gen_exact_french.txt
      826  1981-01-01 01:01   org/apache/commons/codec/language/bm/gen_exact_german.txt
      812  1981-01-01 01:01   org/apache/commons/codec/language/bm/gen_exact_greek.txt
      817  1981-01-01 01:01   org/apache/commons/codec/language/bm/gen_exact_greeklatin.txt
      812  1981-01-01 01:01   org/apache/commons/codec/language/bm/gen_exact_hebrew.txt
      812  1981-01-01 01:01   org/apache/commons/codec/language/bm/gen_exact_hungarian.txt
      812  1981-01-01 01:01   org/apache/commons/codec/language/bm/gen_exact_italian.txt
      874  1981-01-01 01:01   org/apache/commons/codec/language/bm/gen_exact_polish.txt
      812  1981-01-01 01:01   org/apache/commons/codec/language/bm/gen_exact_portuguese.txt
      812  1981-01-01 01:01   org/apache/commons/codec/language/bm/gen_exact_romanian.txt
      831  1981-01-01 01:01   org/apache/commons/codec/language/bm/gen_exact_russian.txt
      832  1981-01-01 01:01   org/apache/commons/codec/language/bm/gen_exact_spanish.txt
      812  1981-01-01 01:01   org/apache/commons/codec/language/bm/gen_exact_turkish.txt
     2845  1981-01-01 01:01   org/apache/commons/codec/language/bm/gen_hebrew_common.txt
     7889  1981-01-01 01:01   org/apache/commons/codec/language/bm/gen_lang.txt
      951  1981-01-01 01:01   org/apache/commons/codec/language/bm/gen_languages.txt
    13059  1981-01-01 01:01   org/apache/commons/codec/language/bm/gen_rules_any.txt
     2208  1981-01-01 01:01   org/apache/commons/codec/language/bm/gen_rules_arabic.txt
     2300  1981-01-01 01:01   org/apache/commons/codec/language/bm/gen_rules_cyrillic.txt
     1561  1981-01-01 01:01   org/apache/commons/codec/language/bm/gen_rules_czech.txt
     1867  1981-01-01 01:01   org/apache/commons/codec/language/bm/gen_rules_dutch.txt
     3013  1981-01-01 01:01   org/apache/commons/codec/language/bm/gen_rules_english.txt
     2778  1981-01-01 01:01   org/apache/commons/codec/language/bm/gen_rules_french.txt
     2735  1981-01-01 01:01   org/apache/commons/codec/language/bm/gen_rules_german.txt
     2918  1981-01-01 01:01   org/apache/commons/codec/language/bm/gen_rules_greek.txt
     3041  1981-01-01 01:01   org/apache/commons/codec/language/bm/gen_rules_greeklatin.txt
     1462  1981-01-01 01:01   org/apache/commons/codec/language/bm/gen_rules_hebrew.txt
     1887  1981-01-01 01:01   org/apache/commons/codec/language/bm/gen_rules_hungarian.txt
     1873  1981-01-01 01:01   org/apache/commons/codec/language/bm/gen_rules_italian.txt
     4112  1981-01-01 01:01   org/apache/commons/codec/language/bm/gen_rules_polish.txt
     2598  1981-01-01 01:01   org/apache/commons/codec/language/bm/gen_rules_portuguese.txt
     1509  1981-01-01 01:01   org/apache/commons/codec/language/bm/gen_rules_romanian.txt
     3042  1981-01-01 01:01   org/apache/commons/codec/language/bm/gen_rules_russian.txt
     2382  1981-01-01 01:01   org/apache/commons/codec/language/bm/gen_rules_spanish.txt
     1386  1981-01-01 01:01   org/apache/commons/codec/language/bm/gen_rules_turkish.txt
      819  1981-01-01 01:01   org/apache/commons/codec/language/bm/lang.txt
      830  1981-01-01 01:01   org/apache/commons/codec/language/bm/sep_approx_any.txt
     3195  1981-01-01 01:01   org/apache/commons/codec/language/bm/sep_approx_common.txt
      812  1981-01-01 01:01   org/apache/commons/codec/language/bm/sep_approx_french.txt
      812  1981-01-01 01:01   org/apache/commons/codec/language/bm/sep_approx_hebrew.txt
      830  1981-01-01 01:01   org/apache/commons/codec/language/bm/sep_approx_italian.txt
      831  1981-01-01 01:01   org/apache/commons/codec/language/bm/sep_approx_portuguese.txt
      831  1981-01-01 01:01   org/apache/commons/codec/language/bm/sep_approx_spanish.txt
      817  1981-01-01 01:01   org/apache/commons/codec/language/bm/sep_exact_any.txt
     1685  1981-01-01 01:01   org/apache/commons/codec/language/bm/sep_exact_approx_common.txt
     1109  1981-01-01 01:01   org/apache/commons/codec/language/bm/sep_exact_common.txt
      815  1981-01-01 01:01   org/apache/commons/codec/language/bm/sep_exact_french.txt
      812  1981-01-01 01:01   org/apache/commons/codec/language/bm/sep_exact_hebrew.txt
      812  1981-01-01 01:01   org/apache/commons/codec/language/bm/sep_exact_italian.txt
      812  1981-01-01 01:01   org/apache/commons/codec/language/bm/sep_exact_portuguese.txt
      812  1981-01-01 01:01   org/apache/commons/codec/language/bm/sep_exact_spanish.txt
     2187  1981-01-01 01:01   org/apache/commons/codec/language/bm/sep_hebrew_common.txt
     2536  1981-01-01 01:01   org/apache/commons/codec/language/bm/sep_lang.txt
      849  1981-01-01 01:01   org/apache/commons/codec/language/bm/sep_languages.txt
     4632  1981-01-01 01:01   org/apache/commons/codec/language/bm/sep_rules_any.txt
     2224  1981-01-01 01:01   org/apache/commons/codec/language/bm/sep_rules_french.txt
     1459  1981-01-01 01:01   org/apache/commons/codec/language/bm/sep_rules_hebrew.txt
     1848  1981-01-01 01:01   org/apache/commons/codec/language/bm/sep_rules_italian.txt
     2573  1981-01-01 01:01   org/apache/commons/codec/language/bm/sep_rules_portuguese.txt
     2480  1981-01-01 01:01   org/apache/commons/codec/language/bm/sep_rules_spanish.txt
     3745  1981-01-01 01:01   org/apache/commons/codec/language/dmrules.txt
     9152  1981-01-01 01:01   AndroidManifest.xml
    15523  1981-01-01 01:01   res/-6.webp
      724  1981-01-01 01:01   res/-8.xml
      281  1981-01-01 01:01   res/-B.png
      318  1981-01-01 01:01   res/-N.png
      388  1981-01-01 01:01   res/-k.xml
     1064  1981-01-01 01:01   res/0M.xml
     1171  1981-01-01 01:01   res/0Z.png
      267  1981-01-01 01:01   res/0c.9.png
      548  1981-01-01 01:01   res/0w.xml
      209  1981-01-01 01:01   res/0x.9.png
     2305  1981-01-01 01:01   res/1I.9.png
     1731  1981-01-01 01:01   res/1J.9.png
      171  1981-01-01 01:01   res/1e.9.png
      336  1981-01-01 01:01   res/27.xml
      225  1981-01-01 01:01   res/2K.9.png
      262  1981-01-01 01:01   res/2P.png
      145  1981-01-01 01:01   res/2d.png
     1456  1981-01-01 01:01   res/2f.xml
     1916  1981-01-01 01:01   res/2f1.xml
     2072  1981-01-01 01:01   res/2j.xml
      541  1981-01-01 01:01   res/33.9.png
     1056  1981-01-01 01:01   res/3A.xml
      956  1981-01-01 01:01   res/3J.xml
      258  1981-01-01 01:01   res/3u.9.png
      214  1981-01-01 01:01   res/42.9.png
    28755  1981-01-01 01:01   res/42.png
      780  1981-01-01 01:01   res/46.xml
      595  1981-01-01 01:01   res/49.png
      452  1981-01-01 01:01   res/4B.xml
      692  1981-01-01 01:01   res/4_.xml
      201  1981-01-01 01:01   res/4k.png
      756  1981-01-01 01:01   res/4u.xml
      876  1981-01-01 01:01   res/4z.xml
      272  1981-01-01 01:01   res/5D.9.png
      628  1981-01-01 01:01   res/5P.png
      852  1981-01-01 01:01   res/5T.xml
      396  1981-01-01 01:01   res/5U.png
      138  1981-01-01 01:01   res/5c.png
      201  1981-01-01 01:01   res/5v.png
     1128  1981-01-01 01:01   res/5z.xml
      210  1981-01-01 01:01   res/62.9.png
      235  1981-01-01 01:01   res/65.9.png
      199  1981-01-01 01:01   res/6P.png
      688  1981-01-01 01:01   res/6Q.xml
      452  1981-01-01 01:01   res/6d.png
      227  1981-01-01 01:01   res/6t.png
      290  1981-01-01 01:01   res/71.png
      430  1981-01-01 01:01   res/7C.9.png
     1116  1981-01-01 01:01   res/7G.xml
      464  1981-01-01 01:01   res/7H.xml
      345  1981-01-01 01:01   res/7I.9.png
      372  1981-01-01 01:01   res/7N.xml
      254  1981-01-01 01:01   res/7V.png
      813  1981-01-01 01:01   res/7_.9.png
      464  1981-01-01 01:01   res/7i.png
      884  1981-01-01 01:01   res/7m.png
      525  1981-01-01 01:01   res/7o.9.png
     2688  1981-01-01 01:01   res/80.xml
      207  1981-01-01 01:01   res/8h.9.png
      946  1981-01-01 01:01   res/8h.png
     1356  1981-01-01 01:01   res/8t.xml
     1260  1981-01-01 01:01   res/95.xml
      187  1981-01-01 01:01   res/9N.9.png
      600  1981-01-01 01:01   res/9P.xml
      932  1981-01-01 01:01   res/9T.xml
     1656  1981-01-01 01:01   res/9T1.xml
     1028  1981-01-01 01:01   res/9T2.xml
     1560  1981-01-01 01:01   res/9V.xml
      192  1981-01-01 01:01   res/9X.9.png
      592  1981-01-01 01:01   res/9a.xml
      304  1981-01-01 01:01   res/9m.xml
      178  1981-01-01 01:01   res/9n.9.png
      593  1981-01-01 01:01   res/9z.png
      388  1981-01-01 01:01   res/9z.xml
      872  1981-01-01 01:01   res/A1.xml
      680  1981-01-01 01:01   res/A4.xml
     2756  1981-01-01 01:01   res/AE.xml
      772  1981-01-01 01:01   res/Ac.xml
      465  1981-01-01 01:01   res/Ag.png
      190  1981-01-01 01:01   res/BG.9.png
      640  1981-01-01 01:01   res/BJ.xml
     1128  1981-01-01 01:01   res/BJ1.xml
      229  1981-01-01 01:01   res/BL.9.png
      159  1981-01-01 01:01   res/BM.png
      264  1981-01-01 01:01   res/BT.png
      388  1981-01-01 01:01   res/Bd.xml
     2648  1981-01-01 01:01   res/Be.xml
      244  1981-01-01 01:01   res/CK.9.png
      215  1981-01-01 01:01   res/C_.9.png
      424  1981-01-01 01:01   res/Cg.xml
      823  1981-01-01 01:01   res/Ck.png
     1528  1981-01-01 01:01   res/D-.xml
      812  1981-01-01 01:01   res/D5.xml
      178  1981-01-01 01:01   res/DL.9.png
      868  1981-01-01 01:01   res/DM.xml
      460  1981-01-01 01:01   res/DV.xml
      792  1981-01-01 01:01   res/DV1.xml
      320  1981-01-01 01:01   res/DZ.xml
      178  1981-01-01 01:01   res/D_.9.png
      200  1981-01-01 01:01   res/EA.9.png
      310  1981-01-01 01:01   res/EP.png
      396  1981-01-01 01:01   res/EZ.xml
      206  1981-01-01 01:01   res/Ec.png
     1716  1981-01-01 01:01   res/Eg.xml
     1684  1981-01-01 01:01   res/F8.xml
     1304  1981-01-01 01:01   res/FT.xml
      307  1981-01-01 01:01   res/FW.png
      317  1981-01-01 01:01   res/Ff.png
     1352  1981-01-01 01:01   res/Fu.xml
     1243  1981-01-01 01:01   res/G2.9.png
      736  1981-01-01 01:01   res/G2.xml
      700  1981-01-01 01:01   res/G8.xml
      828  1981-01-01 01:01   res/GC.xml
     1096  1981-01-01 01:01   res/GD.xml
      440  1981-01-01 01:01   res/GF.xml
     1172  1981-01-01 01:01   res/GK.xml
     1208  1981-01-01 01:01   res/GR.xml
      290  1981-01-01 01:01   res/GY.png
      984  1981-01-01 01:01   res/Gf.png
      202  1981-01-01 01:01   res/Gt.9.png
     1012  1981-01-01 01:01   res/Gt.xml
      203  1981-01-01 01:01   res/H-.png
      464  1981-01-01 01:01   res/Hd.xml
     1544  1981-01-01 01:01   res/IX.9.png
      468  1981-01-01 01:01   res/In.xml
      280  1981-01-01 01:01   res/JJ.9.png
      744  1981-01-01 01:01   res/JS.xml
      464  1981-01-01 01:01   res/Jl.xml
     1656  1981-01-01 01:01   res/K5.xml
      618  1981-01-01 01:01   res/KH.9.png
      415  1981-01-01 01:01   res/KM.png
      216  1981-01-01 01:01   res/K_.9.png
     2360  1981-01-01 01:01   res/Ke.xml
      264  1981-01-01 01:01   res/LO.png
     1064  1981-01-01 01:01   res/L_.xml
     1656  1981-01-01 01:01   res/Lf.xml
     1779  1981-01-01 01:01   res/Li.9.png
     1196  1981-01-01 01:01   res/M7.xml
     1171  1981-01-01 01:01   res/MD.png
     2816  1981-01-01 01:01   res/MF.9.png
     3056  1981-01-01 01:01   res/MO.webp
      424  1981-01-01 01:01   res/MO.xml
      513  1981-01-01 01:01   res/MQ.png
      247  1981-01-01 01:01   res/Ma.9.png
      792  1981-01-01 01:01   res/Mp.xml
     2505  1981-01-01 01:01   res/NA.9.png
      328  1981-01-01 01:01   res/NF.xml
      322  1981-01-01 01:01   res/NG.png
      484  1981-01-01 01:01   res/NM.xml
      182  1981-01-01 01:01   res/NZ.9.png
      776  1981-01-01 01:01   res/Nk.9.png
      199  1981-01-01 01:01   res/No.9.png
     1728  1981-01-01 01:01   res/Nu.xml
      708  1981-01-01 01:01   res/OI.xml
      384  1981-01-01 01:01   res/OM.png
      375  1981-01-01 01:01   res/OX.png
      465  1981-01-01 01:01   res/OX1.png
     1656  1981-01-01 01:01   res/Ol.xml
      738  1981-01-01 01:01   res/Pa.9.png
      631  1981-01-01 01:01   res/Pb.png
      207  1981-01-01 01:01   res/Pg.9.png
      270  1981-01-01 01:01   res/Q-.png
      189  1981-01-01 01:01   res/QJ.9.png
      124  1981-01-01 01:01   res/QZ.xml
      796  1981-01-01 01:01   res/Qd.xml
      980  1981-01-01 01:01   res/Qt.xml
      396  1981-01-01 01:01   res/RD.xml
      832  1981-01-01 01:01   res/RH.xml
      563  1981-01-01 01:01   res/RV.png
    66529  1981-01-01 01:01   res/S7.png
     1052  1981-01-01 01:01   res/S8.xml
     3044  1981-01-01 01:01   res/SN.xml
      211  1981-01-01 01:01   res/SV.9.png
     2084  1981-01-01 01:01   res/Sa.xml
     1128  1981-01-01 01:01   res/Sc.xml
     1696  1981-01-01 01:01   res/Sh.xml
     6464  1981-01-01 01:01   res/Sn.webp
    46151  1981-01-01 01:01   res/St.png
      178  1981-01-01 01:01   res/Su.9.png
      785  1981-01-01 01:01   res/Th.png
      327  1981-01-01 01:01   res/Tj.9.png
     1320  1981-01-01 01:01   res/Tl.xml
      768  1981-01-01 01:01   res/Tn.xml
      254  1981-01-01 01:01   res/Tr.png
      223  1981-01-01 01:01   res/U-.9.png
     2660  1981-01-01 01:01   res/U8.xml
      222  1981-01-01 01:01   res/UE.9.png
      422  1981-01-01 01:01   res/UR.png
      508  1981-01-01 01:01   res/UX.xml
      864  1981-01-01 01:01   res/V1.xml
      304  1981-01-01 01:01   res/V7.xml
      328  1981-01-01 01:01   res/VM.xml
      684  1981-01-01 01:01   res/VN.xml
      640  1981-01-01 01:01   res/VT.xml
      452  1981-01-01 01:01   res/VW.png
      217  1981-01-01 01:01   res/W4.9.png
      472  1981-01-01 01:01   res/W5.png
      592  1981-01-01 01:01   res/Wg.xml
      171  1981-01-01 01:01   res/Wh.png
      335  1981-01-01 01:01   res/Wr.png
     1180  1981-01-01 01:01   res/Ws.xml
      196  1981-01-01 01:01   res/Wz.png
      221  1981-01-01 01:01   res/X3.9.png
      187  1981-01-01 01:01   res/X4.9.png
      516  1981-01-01 01:01   res/XK.xml
      124  1981-01-01 01:01   res/XW.xml
      264  1981-01-01 01:01   res/XY.xml
      516  1981-01-01 01:01   res/Xx.xml
      384  1981-01-01 01:01   res/Y3.png
      212  1981-01-01 01:01   res/Y7.9.png
      623  1981-01-01 01:01   res/Y9.png
      201  1981-01-01 01:01   res/YD.png
      203  1981-01-01 01:01   res/YG.9.png
      372  1981-01-01 01:01   res/YW.xml
      209  1981-01-01 01:01   res/Yt.9.png
      186  1981-01-01 01:01   res/Yw.9.png
     1000  1981-01-01 01:01   res/Z-.xml
      420  1981-01-01 01:01   res/Z8.png
      756  1981-01-01 01:01   res/ZL.xml
      229  1981-01-01 01:01   res/ZN.9.png
     1000  1981-01-01 01:01   res/ZN.xml
     1824  1981-01-01 01:01   res/ZP.xml
     1028  1981-01-01 01:01   res/Zg.xml
    19948  1981-01-01 01:01   res/Zt.png
      484  1981-01-01 01:01   res/_G.xml
     1492  1981-01-01 01:01   res/_H.xml
     2304  1981-01-01 01:01   res/_Y.xml
      316  1981-01-01 01:01   res/_o.xml
      173  1981-01-01 01:01   res/_q.png
      612  1981-01-01 01:01   res/_y.xml
     1228  1981-01-01 01:01   res/a0.xml
      532  1981-01-01 01:01   res/aG.xml
      852  1981-01-01 01:01   res/aM.xml
      623  1981-01-01 01:01   res/aR.png
      448  1981-01-01 01:01   res/aU.9.png
      628  1981-01-01 01:01   res/aU.png
      124  1981-01-01 01:01   res/aW.xml
      391  1981-01-01 01:01   res/ar.png
      422  1981-01-01 01:01   res/b2.png
     1408  1981-01-01 01:01   res/bL.xml
      244  1981-01-01 01:01   res/bX.9.png
      516  1981-01-01 01:01   res/bb.xml
      317  1981-01-01 01:01   res/bi.png
      840  1981-01-01 01:01   res/bt.xml
      316  1981-01-01 01:01   res/c5.xml
      372  1981-01-01 01:01   res/c6.xml
      640  1981-01-01 01:01   res/cL.xml
      440  1981-01-01 01:01   res/cV.xml
      920  1981-01-01 01:01   res/cm.xml
      500  1981-01-01 01:01   res/color-v23/abc_btn_colored_borderless_text_material.xml
      500  1981-01-01 01:01   res/color-v23/abc_btn_colored_text_material.xml
      544  1981-01-01 01:01   res/color-v23/abc_color_highlight_material.xml
      624  1981-01-01 01:01   res/color-v23/abc_tint_btn_checkable.xml
     1120  1981-01-01 01:01   res/color-v23/abc_tint_default.xml
      668  1981-01-01 01:01   res/color-v23/abc_tint_edittext.xml
      500  1981-01-01 01:01   res/color-v23/abc_tint_seek_thumb.xml
      668  1981-01-01 01:01   res/color-v23/abc_tint_spinner.xml
      664  1981-01-01 01:01   res/color-v23/abc_tint_switch_track.xml
      468  1981-01-01 01:01   res/color/abc_background_cache_hint_selector_material_dark.xml
      468  1981-01-01 01:01   res/color/abc_background_cache_hint_selector_material_light.xml
      564  1981-01-01 01:01   res/color/abc_hint_foreground_material_dark.xml
      564  1981-01-01 01:01   res/color/abc_hint_foreground_material_light.xml
      464  1981-01-01 01:01   res/color/abc_primary_text_disable_only_material_dark.xml
      464  1981-01-01 01:01   res/color/abc_primary_text_disable_only_material_light.xml
      464  1981-01-01 01:01   res/color/abc_primary_text_material_dark.xml
      464  1981-01-01 01:01   res/color/abc_primary_text_material_light.xml
      588  1981-01-01 01:01   res/color/abc_search_url_text.xml
      464  1981-01-01 01:01   res/color/abc_secondary_text_material_dark.xml
      464  1981-01-01 01:01   res/color/abc_secondary_text_material_light.xml
      464  1981-01-01 01:01   res/color/switch_thumb_material_dark.xml
      464  1981-01-01 01:01   res/color/switch_thumb_material_light.xml
      364  1981-01-01 01:01   res/cr.xml
     2096  1981-01-01 01:01   res/d2.webp
      432  1981-01-01 01:01   res/d3.png
      851  1981-01-01 01:01   res/d5.9.png
     3472  1981-01-01 01:01   res/dO.xml
      267  1981-01-01 01:01   res/dW.png
      404  1981-01-01 01:01   res/dY.png
      532  1981-01-01 01:01   res/df.xml
      566  1981-01-01 01:01   res/e2.png
     1868  1981-01-01 01:01   res/eA.xml
      356  1981-01-01 01:01   res/eR.png
      318  1981-01-01 01:01   res/eT.9.png
      167  1981-01-01 01:01   res/ej.9.png
      228  1981-01-01 01:01   res/ev.9.png
      584  1981-01-01 01:01   res/ew.png
      825  1981-01-01 01:01   res/fM.9.png
     3216  1981-01-01 01:01   res/fY.xml
     5024  1981-01-01 01:01   res/fq.webp
      585  1981-01-01 01:01   res/g-.png
     2872  1981-01-01 01:01   res/g-.xml
      215  1981-01-01 01:01   res/gK.9.png
      388  1981-01-01 01:01   res/gR.xml
     4791  1981-01-01 01:01   res/gV.png
      524  1981-01-01 01:01   res/gZ.9.png
      237  1981-01-01 01:01   res/gj.9.png
      472  1981-01-01 01:01   res/gr.png
      205  1981-01-01 01:01   res/gt.9.png
     2124  1981-01-01 01:01   res/h4.xml
     1096  1981-01-01 01:01   res/h7.9.png
      864  1981-01-01 01:01   res/hP.xml
     1584  1981-01-01 01:01   res/hP1.xml
      167  1981-01-01 01:01   res/hZ.9.png
      564  1981-01-01 01:01   res/ha.xml
      212  1981-01-01 01:01   res/hh.9.png
      251  1981-01-01 01:01   res/hn.png
      612  1981-01-01 01:01   res/hq.xml
      388  1981-01-01 01:01   res/hs.xml
      186  1981-01-01 01:01   res/i6.9.png
      228  1981-01-01 01:01   res/iO.png
      988  1981-01-01 01:01   res/iQ.xml
      484  1981-01-01 01:01   res/iR.9.png
     1526  1981-01-01 01:01   res/io.9.png
     1100  1981-01-01 01:01   res/j3.xml
      785  1981-01-01 01:01   res/j4.png
      236  1981-01-01 01:01   res/jS.9.png
      167  1981-01-01 01:01   res/jS1.9.png
      753  1981-01-01 01:01   res/jW.png
    10676  1981-01-01 01:01   res/j_.webp
      212  1981-01-01 01:01   res/je.9.png
      352  1981-01-01 01:01   res/k1.xml
     1560  1981-01-01 01:01   res/k8.xml
      208  1981-01-01 01:01   res/kJ.9.png
      375  1981-01-01 01:01   res/kS.png
      508  1981-01-01 01:01   res/k_.xml
     2520  1981-01-01 01:01   res/kj.xml
      816  1981-01-01 01:01   res/kn.xml
      224  1981-01-01 01:01   res/kp.png
      320  1981-01-01 01:01   res/lN.xml
      194  1981-01-01 01:01   res/lP.9.png
      440  1981-01-01 01:01   res/lR.xml
     1292  1981-01-01 01:01   res/ls.xml
      272  1981-01-01 01:01   res/ly.png
      267  1981-01-01 01:01   res/m0.png
      345  1981-01-01 01:01   res/mm.9.png
      207  1981-01-01 01:01   res/nI.9.png
     1504  1981-01-01 01:01   res/nP.xml
     1160  1981-01-01 01:01   res/nT.xml
     1208  1981-01-01 01:01   res/nf.png
      532  1981-01-01 01:01   res/nz.xml
      260  1981-01-01 01:01   res/o9.9.png
      816  1981-01-01 01:01   res/oP.xml
      912  1981-01-01 01:01   res/oR.xml
      252  1981-01-01 01:01   res/o_.9.png
      651  1981-01-01 01:01   res/o_.png
      286  1981-01-01 01:01   res/op.9.png
      823  1981-01-01 01:01   res/p8.png
      424  1981-01-01 01:01   res/pT.xml
      364  1981-01-01 01:01   res/pU.xml
      107  1981-01-01 01:01   res/pY.png
      275  1981-01-01 01:01   res/pk.png
      178  1981-01-01 01:01   res/ps.9.png
      909  1981-01-01 01:01   res/pu.png
      217  1981-01-01 01:01   res/py.9.png
     1128  1981-01-01 01:01   res/q6.xml
      452  1981-01-01 01:01   res/qA.xml
     2834  1981-01-01 01:01   res/qD.9.png
      197  1981-01-01 01:01   res/qp.png
     4569  1981-01-01 01:01   res/qs.webp
     2780  1981-01-01 01:01   res/qx.xml
     1656  1981-01-01 01:01   res/qz.xml
      688  1981-01-01 01:01   res/rW.xml
      548  1981-01-01 01:01   res/rY.xml
      352  1981-01-01 01:01   res/rb.xml
     1098  1981-01-01 01:01   res/rj.9.png
      680  1981-01-01 01:01   res/rx.xml
      396  1981-01-01 01:01   res/rz.xml
      403  1981-01-01 01:01   res/s0.png
      245  1981-01-01 01:01   res/s3.9.png
       98  1981-01-01 01:01   res/s4.png
      212  1981-01-01 01:01   res/sA.9.png
      464  1981-01-01 01:01   res/sA.xml
     9250  1981-01-01 01:01   res/sK.webp
      226  1981-01-01 01:01   res/sg.9.png
      400  1981-01-01 01:01   res/sn.xml
      588  1981-01-01 01:01   res/t3.xml
     1012  1981-01-01 01:01   res/t8.xml
      476  1981-01-01 01:01   res/tG.png
      716  1981-01-01 01:01   res/tL.xml
      321  1981-01-01 01:01   res/tS.png
      208  1981-01-01 01:01   res/tU.9.png
      198  1981-01-01 01:01   res/tZ.9.png
      199  1981-01-01 01:01   res/td.png
      278  1981-01-01 01:01   res/te.png
     1196  1981-01-01 01:01   res/u0.xml
      513  1981-01-01 01:01   res/u3.png
     7098  1981-01-01 01:01   res/u5.webp
      848  1981-01-01 01:01   res/uJ.xml
      966  1981-01-01 01:01   res/uL.9.png
      196  1981-01-01 01:01   res/uj.9.png
      754  1981-01-01 01:01   res/ut.9.png
      204  1981-01-01 01:01   res/uu.9.png
      208  1981-01-01 01:01   res/v4.9.png
     1396  1981-01-01 01:01   res/vG.xml
      528  1981-01-01 01:01   res/vJ.xml
      223  1981-01-01 01:01   res/vL.9.png
      336  1981-01-01 01:01   res/vV.xml
      388  1981-01-01 01:01   res/vZ.xml
     1020  1981-01-01 01:01   res/vq.xml
      181  1981-01-01 01:01   res/vz.9.png
      270  1981-01-01 01:01   res/w7.png
      437  1981-01-01 01:01   res/wL.9.png
      225  1981-01-01 01:01   res/wN.9.png
      214  1981-01-01 01:01   res/w_.png
      920  1981-01-01 01:01   res/wa.xml
      212  1981-01-01 01:01   res/x3.9.png
      186  1981-01-01 01:01   res/xH.png
     2456  1981-01-01 01:01   res/xN.xml
      194  1981-01-01 01:01   res/xR.9.png
      337  1981-01-01 01:01   res/xR.png
      221  1981-01-01 01:01   res/xa.9.png
      588  1981-01-01 01:01   res/xj.xml
      396  1981-01-01 01:01   res/y-.xml
      388  1981-01-01 01:01   res/y4.xml
      184  1981-01-01 01:01   res/yH.9.png
      576  1981-01-01 01:01   res/yV.xml
      186  1981-01-01 01:01   res/yY.9.png
      395  1981-01-01 01:01   res/yg.9.png
     2858  1981-01-01 01:01   res/yw.webp
      221  1981-01-01 01:01   res/z-.9.png
      417  1981-01-01 01:01   res/z9.9.png
      324  1981-01-01 01:01   res/zE.png
      206  1981-01-01 01:01   res/zL.png
     2463  1981-01-01 01:01   res/zV.9.png
      448  1981-01-01 01:01   res/zp.xml
      464  1981-01-01 01:01   res/zq.xml
      884  1981-01-01 01:01   res/zz.png
   351488  1981-01-01 01:01   resources.arsc
---------                     -------
 66163638                     678 files
